// Jest Snapshot v1, https://goo.gl/fbAQLP

exports[`<Profile/> matches snapshot 1`] = `
<div>
  <div>
    <b>
      chacha
    </b>
      
    <span>
      (
      이가희
      )
    </span>
  </div>
</div>
`;
